<?xml version="1.0" encoding="ISO-8859-1" ?>
<link_info>
   <banner>TI ARM Linker PC v18.12.2.LTS</banner>
   <copyright>Copyright (c) 1996-2018 Texas Instruments Incorporated</copyright>
   <link_time>0x60c52d5a</link_time>
   <link_errors>0x0</link_errors>
   <output_file>Distance meter.out</output_file>
   <entry_point>
      <name>_c_int00_noargs</name>
      <address>0x4ee1</address>
   </entry_point>
   <input_file_list>
      <input_file id="fl-2">
         <path>.\</path>
         <kind>object</kind>
         <file>LED.obj</file>
         <name>LED.obj</name>
      </input_file>
      <input_file id="fl-3">
         <path>.\</path>
         <kind>object</kind>
         <file>Nokia5110.obj</file>
         <name>Nokia5110.obj</name>
      </input_file>
      <input_file id="fl-4">
         <path>.\</path>
         <kind>object</kind>
         <file>Timer.obj</file>
         <name>Timer.obj</name>
      </input_file>
      <input_file id="fl-5">
         <path>.\</path>
         <kind>object</kind>
         <file>To_PC.obj</file>
         <name>To_PC.obj</name>
      </input_file>
      <input_file id="fl-6">
         <path>.\</path>
         <kind>object</kind>
         <file>UART.obj</file>
         <name>UART.obj</name>
      </input_file>
      <input_file id="fl-7">
         <path>.\</path>
         <kind>object</kind>
         <file>distance.obj</file>
         <name>distance.obj</name>
      </input_file>
      <input_file id="fl-8">
         <path>.\</path>
         <kind>object</kind>
         <file>longlat.obj</file>
         <name>longlat.obj</name>
      </input_file>
      <input_file id="fl-9">
         <path>.\</path>
         <kind>object</kind>
         <file>main.obj</file>
         <name>main.obj</name>
      </input_file>
      <input_file id="fl-a">
         <path>.\</path>
         <kind>object</kind>
         <file>tm4c123gh6pm_startup_ccs.obj</file>
         <name>tm4c123gh6pm_startup_ccs.obj</name>
      </input_file>
      <input_file id="fl-e">
         <kind>object</kind>
         <file>&lt;internal&gt;</file>
         <name>&lt;internal&gt;</name>
      </input_file>
      <input_file id="fl-c4">
         <path>E:\installed programs\CCS\ccs\tools\compiler\ti-cgt-arm_18.12.2.LTS\lib\</path>
         <kind>archive</kind>
         <file>rtsv7M4_T_le_v4SPD16_eabi.lib</file>
         <name>sprintf.c.obj</name>
      </input_file>
      <input_file id="fl-c5">
         <path>E:\installed programs\CCS\ccs\tools\compiler\ti-cgt-arm_18.12.2.LTS\lib\</path>
         <kind>archive</kind>
         <file>rtsv7M4_T_le_v4SPD16_eabi.lib</file>
         <name>e_asin.c.obj</name>
      </input_file>
      <input_file id="fl-c6">
         <path>E:\installed programs\CCS\ccs\tools\compiler\ti-cgt-arm_18.12.2.LTS\lib\</path>
         <kind>archive</kind>
         <file>rtsv7M4_T_le_v4SPD16_eabi.lib</file>
         <name>e_sqrt.c.obj</name>
      </input_file>
      <input_file id="fl-c7">
         <path>E:\installed programs\CCS\ccs\tools\compiler\ti-cgt-arm_18.12.2.LTS\lib\</path>
         <kind>archive</kind>
         <file>rtsv7M4_T_le_v4SPD16_eabi.lib</file>
         <name>s_cos.c.obj</name>
      </input_file>
      <input_file id="fl-c8">
         <path>E:\installed programs\CCS\ccs\tools\compiler\ti-cgt-arm_18.12.2.LTS\lib\</path>
         <kind>archive</kind>
         <file>rtsv7M4_T_le_v4SPD16_eabi.lib</file>
         <name>s_sin.c.obj</name>
      </input_file>
      <input_file id="fl-c9">
         <path>E:\installed programs\CCS\ccs\tools\compiler\ti-cgt-arm_18.12.2.LTS\lib\</path>
         <kind>archive</kind>
         <file>rtsv7M4_T_le_v4SPD16_eabi.lib</file>
         <name>fd_add_t2.asm.obj</name>
      </input_file>
      <input_file id="fl-ca">
         <path>E:\installed programs\CCS\ccs\tools\compiler\ti-cgt-arm_18.12.2.LTS\lib\</path>
         <kind>archive</kind>
         <file>rtsv7M4_T_le_v4SPD16_eabi.lib</file>
         <name>fd_cmp_t2.asm.obj</name>
      </input_file>
      <input_file id="fl-cb">
         <path>E:\installed programs\CCS\ccs\tools\compiler\ti-cgt-arm_18.12.2.LTS\lib\</path>
         <kind>archive</kind>
         <file>rtsv7M4_T_le_v4SPD16_eabi.lib</file>
         <name>fd_div_t2.asm.obj</name>
      </input_file>
      <input_file id="fl-cc">
         <path>E:\installed programs\CCS\ccs\tools\compiler\ti-cgt-arm_18.12.2.LTS\lib\</path>
         <kind>archive</kind>
         <file>rtsv7M4_T_le_v4SPD16_eabi.lib</file>
         <name>fd_mul_t2.asm.obj</name>
      </input_file>
      <input_file id="fl-cd">
         <path>E:\installed programs\CCS\ccs\tools\compiler\ti-cgt-arm_18.12.2.LTS\lib\</path>
         <kind>archive</kind>
         <file>rtsv7M4_T_le_v4SPD16_eabi.lib</file>
         <name>fd_toi_t2.asm.obj</name>
      </input_file>
      <input_file id="fl-ce">
         <path>E:\installed programs\CCS\ccs\tools\compiler\ti-cgt-arm_18.12.2.LTS\lib\</path>
         <kind>archive</kind>
         <file>rtsv7M4_T_le_v4SPD16_eabi.lib</file>
         <name>fd_tos_t2.asm.obj</name>
      </input_file>
      <input_file id="fl-cf">
         <path>E:\installed programs\CCS\ccs\tools\compiler\ti-cgt-arm_18.12.2.LTS\lib\</path>
         <kind>archive</kind>
         <file>rtsv7M4_T_le_v4SPD16_eabi.lib</file>
         <name>fs_tod_t2.asm.obj</name>
      </input_file>
      <input_file id="fl-d0">
         <path>E:\installed programs\CCS\ccs\tools\compiler\ti-cgt-arm_18.12.2.LTS\lib\</path>
         <kind>archive</kind>
         <file>rtsv7M4_T_le_v4SPD16_eabi.lib</file>
         <name>i_tofd_t2.asm.obj</name>
      </input_file>
      <input_file id="fl-d1">
         <path>E:\installed programs\CCS\ccs\tools\compiler\ti-cgt-arm_18.12.2.LTS\lib\</path>
         <kind>archive</kind>
         <file>rtsv7M4_T_le_v4SPD16_eabi.lib</file>
         <name>memcpy_t2.asm.obj</name>
      </input_file>
      <input_file id="fl-d2">
         <path>E:\installed programs\CCS\ccs\tools\compiler\ti-cgt-arm_18.12.2.LTS\lib\</path>
         <kind>archive</kind>
         <file>rtsv7M4_T_le_v4SPD16_eabi.lib</file>
         <name>copy_zero_init.c.obj</name>
      </input_file>
      <input_file id="fl-d3">
         <path>E:\installed programs\CCS\ccs\tools\compiler\ti-cgt-arm_18.12.2.LTS\lib\</path>
         <kind>archive</kind>
         <file>rtsv7M4_T_le_v4SPD16_eabi.lib</file>
         <name>copy_decompress_none.c.obj</name>
      </input_file>
      <input_file id="fl-d4">
         <path>E:\installed programs\CCS\ccs\tools\compiler\ti-cgt-arm_18.12.2.LTS\lib\</path>
         <kind>archive</kind>
         <file>rtsv7M4_T_le_v4SPD16_eabi.lib</file>
         <name>copy_decompress_lzss.c.obj</name>
      </input_file>
      <input_file id="fl-d5">
         <path>E:\installed programs\CCS\ccs\tools\compiler\ti-cgt-arm_18.12.2.LTS\lib\</path>
         <kind>archive</kind>
         <file>rtsv7M4_T_le_v4SPD16_eabi.lib</file>
         <name>strcmp.c.obj</name>
      </input_file>
      <input_file id="fl-d6">
         <path>E:\installed programs\CCS\ccs\tools\compiler\ti-cgt-arm_18.12.2.LTS\lib\</path>
         <kind>archive</kind>
         <file>rtsv7M4_T_le_v4SPD16_eabi.lib</file>
         <name>strtof.c.obj</name>
      </input_file>
      <input_file id="fl-d7">
         <path>E:\installed programs\CCS\ccs\tools\compiler\ti-cgt-arm_18.12.2.LTS\lib\</path>
         <kind>archive</kind>
         <file>rtsv7M4_T_le_v4SPD16_eabi.lib</file>
         <name>k_rem_pio2.c.obj</name>
      </input_file>
      <input_file id="fl-d8">
         <path>E:\installed programs\CCS\ccs\tools\compiler\ti-cgt-arm_18.12.2.LTS\lib\</path>
         <kind>archive</kind>
         <file>rtsv7M4_T_le_v4SPD16_eabi.lib</file>
         <name>boot_cortex_m.c.obj</name>
      </input_file>
      <input_file id="fl-d9">
         <path>E:\installed programs\CCS\ccs\tools\compiler\ti-cgt-arm_18.12.2.LTS\lib\</path>
         <kind>archive</kind>
         <file>rtsv7M4_T_le_v4SPD16_eabi.lib</file>
         <name>errno.c.obj</name>
      </input_file>
      <input_file id="fl-da">
         <path>E:\installed programs\CCS\ccs\tools\compiler\ti-cgt-arm_18.12.2.LTS\lib\</path>
         <kind>archive</kind>
         <file>rtsv7M4_T_le_v4SPD16_eabi.lib</file>
         <name>s_scalbnf.c.obj</name>
      </input_file>
      <input_file id="fl-db">
         <path>E:\installed programs\CCS\ccs\tools\compiler\ti-cgt-arm_18.12.2.LTS\lib\</path>
         <kind>archive</kind>
         <file>rtsv7M4_T_le_v4SPD16_eabi.lib</file>
         <name>_printfi.c.obj</name>
      </input_file>
      <input_file id="fl-dc">
         <path>E:\installed programs\CCS\ccs\tools\compiler\ti-cgt-arm_18.12.2.LTS\lib\</path>
         <kind>archive</kind>
         <file>rtsv7M4_T_le_v4SPD16_eabi.lib</file>
         <name>k_cos.c.obj</name>
      </input_file>
      <input_file id="fl-dd">
         <path>E:\installed programs\CCS\ccs\tools\compiler\ti-cgt-arm_18.12.2.LTS\lib\</path>
         <kind>archive</kind>
         <file>rtsv7M4_T_le_v4SPD16_eabi.lib</file>
         <name>k_sin.c.obj</name>
      </input_file>
      <input_file id="fl-de">
         <path>E:\installed programs\CCS\ccs\tools\compiler\ti-cgt-arm_18.12.2.LTS\lib\</path>
         <kind>archive</kind>
         <file>rtsv7M4_T_le_v4SPD16_eabi.lib</file>
         <name>s_floor.c.obj</name>
      </input_file>
      <input_file id="fl-df">
         <path>E:\installed programs\CCS\ccs\tools\compiler\ti-cgt-arm_18.12.2.LTS\lib\</path>
         <kind>archive</kind>
         <file>rtsv7M4_T_le_v4SPD16_eabi.lib</file>
         <name>s_frexp.c.obj</name>
      </input_file>
      <input_file id="fl-e0">
         <path>E:\installed programs\CCS\ccs\tools\compiler\ti-cgt-arm_18.12.2.LTS\lib\</path>
         <kind>archive</kind>
         <file>rtsv7M4_T_le_v4SPD16_eabi.lib</file>
         <name>s_scalbn.c.obj</name>
      </input_file>
      <input_file id="fl-e1">
         <path>E:\installed programs\CCS\ccs\tools\compiler\ti-cgt-arm_18.12.2.LTS\lib\</path>
         <kind>archive</kind>
         <file>rtsv7M4_T_le_v4SPD16_eabi.lib</file>
         <name>ull_div_t2.asm.obj</name>
      </input_file>
      <input_file id="fl-e2">
         <path>E:\installed programs\CCS\ccs\tools\compiler\ti-cgt-arm_18.12.2.LTS\lib\</path>
         <kind>archive</kind>
         <file>rtsv7M4_T_le_v4SPD16_eabi.lib</file>
         <name>memset_t2.asm.obj</name>
      </input_file>
      <input_file id="fl-e3">
         <path>E:\installed programs\CCS\ccs\tools\compiler\ti-cgt-arm_18.12.2.LTS\lib\</path>
         <kind>archive</kind>
         <file>rtsv7M4_T_le_v4SPD16_eabi.lib</file>
         <name>autoinit.c.obj</name>
      </input_file>
      <input_file id="fl-e4">
         <path>E:\installed programs\CCS\ccs\tools\compiler\ti-cgt-arm_18.12.2.LTS\lib\</path>
         <kind>archive</kind>
         <file>rtsv7M4_T_le_v4SPD16_eabi.lib</file>
         <name>pre_init.c.obj</name>
      </input_file>
      <input_file id="fl-e5">
         <path>E:\installed programs\CCS\ccs\tools\compiler\ti-cgt-arm_18.12.2.LTS\lib\</path>
         <kind>archive</kind>
         <file>rtsv7M4_T_le_v4SPD16_eabi.lib</file>
         <name>cpy_tbl.c.obj</name>
      </input_file>
      <input_file id="fl-e6">
         <path>E:\installed programs\CCS\ccs\tools\compiler\ti-cgt-arm_18.12.2.LTS\lib\</path>
         <kind>archive</kind>
         <file>rtsv7M4_T_le_v4SPD16_eabi.lib</file>
         <name>exit.c.obj</name>
      </input_file>
      <input_file id="fl-e7">
         <path>E:\installed programs\CCS\ccs\tools\compiler\ti-cgt-arm_18.12.2.LTS\lib\</path>
         <kind>archive</kind>
         <file>rtsv7M4_T_le_v4SPD16_eabi.lib</file>
         <name>_lock.c.obj</name>
      </input_file>
      <input_file id="fl-e8">
         <path>E:\installed programs\CCS\ccs\tools\compiler\ti-cgt-arm_18.12.2.LTS\lib\</path>
         <kind>archive</kind>
         <file>rtsv7M4_T_le_v4SPD16_eabi.lib</file>
         <name>args_main.c.obj</name>
      </input_file>
      <input_file id="fl-e9">
         <path>E:\installed programs\CCS\ccs\tools\compiler\ti-cgt-arm_18.12.2.LTS\lib\</path>
         <kind>archive</kind>
         <file>rtsv7M4_T_le_v4SPD16_eabi.lib</file>
         <name>atoi.c.obj</name>
      </input_file>
      <input_file id="fl-ea">
         <path>E:\installed programs\CCS\ccs\tools\compiler\ti-cgt-arm_18.12.2.LTS\lib\</path>
         <kind>archive</kind>
         <file>rtsv7M4_T_le_v4SPD16_eabi.lib</file>
         <name>ctype.c.obj</name>
      </input_file>
      <input_file id="fl-eb">
         <path>E:\installed programs\CCS\ccs\tools\compiler\ti-cgt-arm_18.12.2.LTS\lib\</path>
         <kind>archive</kind>
         <file>rtsv7M4_T_le_v4SPD16_eabi.lib</file>
         <name>ltoa.c.obj</name>
      </input_file>
      <input_file id="fl-ec">
         <path>E:\installed programs\CCS\ccs\tools\compiler\ti-cgt-arm_18.12.2.LTS\lib\</path>
         <kind>archive</kind>
         <file>rtsv7M4_T_le_v4SPD16_eabi.lib</file>
         <name>memccpy.c.obj</name>
      </input_file>
      <input_file id="fl-ed">
         <path>E:\installed programs\CCS\ccs\tools\compiler\ti-cgt-arm_18.12.2.LTS\lib\</path>
         <kind>archive</kind>
         <file>rtsv7M4_T_le_v4SPD16_eabi.lib</file>
         <name>strchr.c.obj</name>
      </input_file>
      <input_file id="fl-ee">
         <path>E:\installed programs\CCS\ccs\tools\compiler\ti-cgt-arm_18.12.2.LTS\lib\</path>
         <kind>archive</kind>
         <file>rtsv7M4_T_le_v4SPD16_eabi.lib</file>
         <name>strlen.c.obj</name>
      </input_file>
      <input_file id="fl-ef">
         <path>E:\installed programs\CCS\ccs\tools\compiler\ti-cgt-arm_18.12.2.LTS\lib\</path>
         <kind>archive</kind>
         <file>rtsv7M4_T_le_v4SPD16_eabi.lib</file>
         <name>wcslen.c.obj</name>
      </input_file>
      <input_file id="fl-f0">
         <path>E:\installed programs\CCS\ccs\tools\compiler\ti-cgt-arm_18.12.2.LTS\lib\</path>
         <kind>archive</kind>
         <file>rtsv7M4_T_le_v4SPD16_eabi.lib</file>
         <name>s_copysignf.c.obj</name>
      </input_file>
      <input_file id="fl-f1">
         <path>E:\installed programs\CCS\ccs\tools\compiler\ti-cgt-arm_18.12.2.LTS\lib\</path>
         <kind>archive</kind>
         <file>rtsv7M4_T_le_v4SPD16_eabi.lib</file>
         <name>s_copysign.c.obj</name>
      </input_file>
      <input_file id="fl-f2">
         <path>E:\installed programs\CCS\ccs\tools\compiler\ti-cgt-arm_18.12.2.LTS\lib\</path>
         <kind>archive</kind>
         <file>rtsv7M4_T_le_v4SPD16_eabi.lib</file>
         <name>div0.asm.obj</name>
      </input_file>
   </input_file_list>
   <object_component_list>
      <object_component id="oc-f">
         <name>.intvecs</name>
         <load_address>0x0</load_address>
         <run_address>0x0</run_address>
         <size>0x26c</size>
         <input_file_ref idref="fl-a"/>
      </object_component>
      <object_component id="oc-1ad">
         <name>.text:__TI_printfi</name>
         <load_address>0x26c</load_address>
         <run_address>0x26c</run_address>
         <size>0xa4e</size>
         <input_file_ref idref="fl-db"/>
      </object_component>
      <object_component id="oc-37c">
         <name>.text</name>
         <load_address>0xcba</load_address>
         <run_address>0xcba</run_address>
         <size>0x2</size>
         <input_file_ref idref="fl-f2"/>
      </object_component>
      <object_component id="oc-22b">
         <name>.text:__kernel_rem_pio2</name>
         <load_address>0xcbc</load_address>
         <run_address>0xcbc</run_address>
         <size>0x738</size>
         <input_file_ref idref="fl-d7"/>
      </object_component>
      <object_component id="oc-193">
         <name>.text:cos</name>
         <load_address>0x13f4</load_address>
         <run_address>0x13f4</run_address>
         <size>0x5dc</size>
         <input_file_ref idref="fl-c7"/>
      </object_component>
      <object_component id="oc-188">
         <name>.text:sin</name>
         <load_address>0x19d0</load_address>
         <run_address>0x19d0</run_address>
         <size>0x5c4</size>
         <input_file_ref idref="fl-c8"/>
      </object_component>
      <object_component id="oc-cc">
         <name>.text</name>
         <load_address>0x1f94</load_address>
         <run_address>0x1f94</run_address>
         <size>0x430</size>
         <input_file_ref idref="fl-3"/>
      </object_component>
      <object_component id="oc-1a4">
         <name>.text:asin</name>
         <load_address>0x23c4</load_address>
         <run_address>0x23c4</run_address>
         <size>0x3d4</size>
         <input_file_ref idref="fl-c5"/>
      </object_component>
      <object_component id="oc-163">
         <name>.text:strtof</name>
         <load_address>0x2798</load_address>
         <run_address>0x2798</run_address>
         <size>0x3c8</size>
         <input_file_ref idref="fl-d6"/>
      </object_component>
      <object_component id="oc-e4">
         <name>.text</name>
         <load_address>0x2b60</load_address>
         <run_address>0x2b60</run_address>
         <size>0x308</size>
         <input_file_ref idref="fl-8"/>
      </object_component>
      <object_component id="oc-271">
         <name>.text:_pconv_a</name>
         <load_address>0x2e68</load_address>
         <run_address>0x2e68</run_address>
         <size>0x270</size>
         <input_file_ref idref="fl-db"/>
      </object_component>
      <object_component id="oc-a2">
         <name>.text</name>
         <load_address>0x30d8</load_address>
         <run_address>0x30d8</run_address>
         <size>0x210</size>
         <input_file_ref idref="fl-9"/>
      </object_component>
      <object_component id="oc-ef">
         <name>.text</name>
         <load_address>0x32e8</load_address>
         <run_address>0x32e8</run_address>
         <size>0x208</size>
         <input_file_ref idref="fl-7"/>
      </object_component>
      <object_component id="oc-25f">
         <name>.text:_pconv_g</name>
         <load_address>0x34f0</load_address>
         <run_address>0x34f0</run_address>
         <size>0x1d0</size>
         <input_file_ref idref="fl-db"/>
      </object_component>
      <object_component id="oc-199">
         <name>.text</name>
         <load_address>0x36c0</load_address>
         <run_address>0x36c0</run_address>
         <size>0x1b6</size>
         <input_file_ref idref="fl-c9"/>
      </object_component>
      <object_component id="oc-21b">
         <name>.text:__kernel_sin</name>
         <load_address>0x3878</load_address>
         <run_address>0x3878</run_address>
         <size>0x174</size>
         <input_file_ref idref="fl-dd"/>
      </object_component>
      <object_component id="oc-231">
         <name>.text:__kernel_cos</name>
         <load_address>0x39ec</load_address>
         <run_address>0x39ec</run_address>
         <size>0x16c</size>
         <input_file_ref idref="fl-dc"/>
      </object_component>
      <object_component id="oc-19e">
         <name>.text:sqrt</name>
         <load_address>0x3b58</load_address>
         <run_address>0x3b58</run_address>
         <size>0x158</size>
         <input_file_ref idref="fl-c6"/>
      </object_component>
      <object_component id="oc-26b">
         <name>.text:_pconv_e</name>
         <load_address>0x3cb0</load_address>
         <run_address>0x3cb0</run_address>
         <size>0x13c</size>
         <input_file_ref idref="fl-db"/>
      </object_component>
      <object_component id="oc-183">
         <name>.text</name>
         <load_address>0x3dec</load_address>
         <run_address>0x3dec</run_address>
         <size>0x136</size>
         <input_file_ref idref="fl-cb"/>
      </object_component>
      <object_component id="oc-313">
         <name>.text:fcvt</name>
         <load_address>0x3f24</load_address>
         <run_address>0x3f24</run_address>
         <size>0x124</size>
         <input_file_ref idref="fl-db"/>
      </object_component>
      <object_component id="oc-2d4">
         <name>.text:scalbn</name>
         <load_address>0x4048</load_address>
         <run_address>0x4048</run_address>
         <size>0x110</size>
         <input_file_ref idref="fl-e0"/>
      </object_component>
      <object_component id="oc-18e">
         <name>.text</name>
         <load_address>0x4158</load_address>
         <run_address>0x4158</run_address>
         <size>0xfc</size>
         <input_file_ref idref="fl-cc"/>
      </object_component>
      <object_component id="oc-2da">
         <name>.text:floor</name>
         <load_address>0x4254</load_address>
         <run_address>0x4254</run_address>
         <size>0xf8</size>
         <input_file_ref idref="fl-de"/>
      </object_component>
      <object_component id="oc-d8">
         <name>.text</name>
         <load_address>0x434c</load_address>
         <run_address>0x434c</run_address>
         <size>0xec</size>
         <input_file_ref idref="fl-5"/>
      </object_component>
      <object_component id="oc-d2">
         <name>.text</name>
         <load_address>0x4438</load_address>
         <run_address>0x4438</run_address>
         <size>0xe8</size>
         <input_file_ref idref="fl-6"/>
      </object_component>
      <object_component id="oc-1fa">
         <name>.text:scalbnf</name>
         <load_address>0x4520</load_address>
         <run_address>0x4520</run_address>
         <size>0xd0</size>
         <input_file_ref idref="fl-da"/>
      </object_component>
      <object_component id="oc-2a">
         <name>.text</name>
         <load_address>0x45f0</load_address>
         <run_address>0x45f0</run_address>
         <size>0xc8</size>
         <input_file_ref idref="fl-4"/>
      </object_component>
      <object_component id="oc-259">
         <name>.text:_ltostr</name>
         <load_address>0x46b8</load_address>
         <run_address>0x46b8</run_address>
         <size>0xb1</size>
         <input_file_ref idref="fl-db"/>
      </object_component>
      <object_component id="oc-3e">
         <name>.text</name>
         <load_address>0x476a</load_address>
         <run_address>0x476a</run_address>
         <size>0x9c</size>
         <input_file_ref idref="fl-d1"/>
      </object_component>
      <object_component id="oc-2fa">
         <name>.text</name>
         <load_address>0x4806</load_address>
         <run_address>0x4806</run_address>
         <size>0x96</size>
         <input_file_ref idref="fl-e1"/>
      </object_component>
      <object_component id="oc-de">
         <name>.text</name>
         <load_address>0x489c</load_address>
         <run_address>0x489c</run_address>
         <size>0x88</size>
         <input_file_ref idref="fl-2"/>
      </object_component>
      <object_component id="oc-226">
         <name>.text:__aeabi_cdcmple</name>
         <load_address>0x4924</load_address>
         <run_address>0x4924</run_address>
         <size>0x86</size>
         <input_file_ref idref="fl-ca"/>
      </object_component>
      <object_component id="oc-244">
         <name>.text:__aeabi_cdrcmple</name>
         <load_address>0x49aa</load_address>
         <run_address>0x49aa</run_address>
         <size>0x86</size>
         <input_file_ref idref="fl-ca"/>
      </object_component>
      <object_component id="oc-96">
         <name>.text</name>
         <load_address>0x4a30</load_address>
         <run_address>0x4a30</run_address>
         <size>0x7a</size>
         <input_file_ref idref="fl-e2"/>
      </object_component>
      <object_component id="oc-30c">
         <name>.text:_mcpy</name>
         <load_address>0x4aaa</load_address>
         <run_address>0x4aaa</run_address>
         <size>0x6e</size>
         <input_file_ref idref="fl-db"/>
      </object_component>
      <object_component id="oc-ea">
         <name>.text</name>
         <load_address>0x4b18</load_address>
         <run_address>0x4b18</run_address>
         <size>0x6e</size>
         <input_file_ref idref="fl-ce"/>
      </object_component>
      <object_component id="oc-12">
         <name>.text:decompress:lzss:__TI_decompress_lzss</name>
         <load_address>0x4b86</load_address>
         <run_address>0x4b86</run_address>
         <size>0x68</size>
         <input_file_ref idref="fl-d4"/>
      </object_component>
      <object_component id="oc-321">
         <name>.text:frexp</name>
         <load_address>0x4bf0</load_address>
         <run_address>0x4bf0</run_address>
         <size>0x64</size>
         <input_file_ref idref="fl-df"/>
      </object_component>
      <object_component id="oc-265">
         <name>.text:_pconv_f</name>
         <load_address>0x4c54</load_address>
         <run_address>0x4c54</run_address>
         <size>0x56</size>
         <input_file_ref idref="fl-db"/>
      </object_component>
      <object_component id="oc-300">
         <name>.text:ltoa</name>
         <load_address>0x4caa</load_address>
         <run_address>0x4caa</run_address>
         <size>0x54</size>
         <input_file_ref idref="fl-eb"/>
      </object_component>
      <object_component id="oc-306">
         <name>.text:_ecpy</name>
         <load_address>0x4cfe</load_address>
         <run_address>0x4cfe</run_address>
         <size>0x52</size>
         <input_file_ref idref="fl-db"/>
      </object_component>
      <object_component id="oc-253">
         <name>.text:atoi</name>
         <load_address>0x4d50</load_address>
         <run_address>0x4d50</run_address>
         <size>0x4c</size>
         <input_file_ref idref="fl-e9"/>
      </object_component>
      <object_component id="oc-216">
         <name>.text</name>
         <load_address>0x4d9c</load_address>
         <run_address>0x4d9c</run_address>
         <size>0x48</size>
         <input_file_ref idref="fl-cd"/>
      </object_component>
      <object_component id="oc-120">
         <name>.text:__TI_auto_init_nobinit_nopinit:__TI_auto_init_nobinit_nopinit</name>
         <load_address>0x4de4</load_address>
         <run_address>0x4de4</run_address>
         <size>0x44</size>
         <input_file_ref idref="fl-e3"/>
      </object_component>
      <object_component id="oc-fa">
         <name>.text:sprintf</name>
         <load_address>0x4e28</load_address>
         <run_address>0x4e28</run_address>
         <size>0x40</size>
         <input_file_ref idref="fl-c4"/>
      </object_component>
      <object_component id="oc-319">
         <name>.text:_fcpy</name>
         <load_address>0x4e68</load_address>
         <run_address>0x4e68</run_address>
         <size>0x3e</size>
         <input_file_ref idref="fl-db"/>
      </object_component>
      <object_component id="oc-f5">
         <name>.text</name>
         <load_address>0x4ea6</load_address>
         <run_address>0x4ea6</run_address>
         <size>0x38</size>
         <input_file_ref idref="fl-cf"/>
      </object_component>
      <object_component id="oc-5c">
         <name>.text:_c_int00_noargs:_c_int00_noargs</name>
         <load_address>0x4ee0</load_address>
         <run_address>0x4ee0</run_address>
         <size>0x34</size>
         <input_file_ref idref="fl-d8"/>
      </object_component>
      <object_component id="oc-221">
         <name>.text</name>
         <load_address>0x4f14</load_address>
         <run_address>0x4f14</run_address>
         <size>0x2e</size>
         <input_file_ref idref="fl-d0"/>
      </object_component>
      <object_component id="oc-277">
         <name>.text:memccpy</name>
         <load_address>0x4f42</load_address>
         <run_address>0x4f42</run_address>
         <size>0x1c</size>
         <input_file_ref idref="fl-ec"/>
      </object_component>
      <object_component id="oc-368">
         <name>.text:copysign</name>
         <load_address>0x4f5e</load_address>
         <run_address>0x4f5e</run_address>
         <size>0x1a</size>
         <input_file_ref idref="fl-f1"/>
      </object_component>
      <object_component id="oc-1b3">
         <name>.text:_outs</name>
         <load_address>0x4f78</load_address>
         <run_address>0x4f78</run_address>
         <size>0x18</size>
         <input_file_ref idref="fl-c4"/>
      </object_component>
      <object_component id="oc-2bb">
         <name>.text:copysignf</name>
         <load_address>0x4f90</load_address>
         <run_address>0x4f90</run_address>
         <size>0x18</size>
         <input_file_ref idref="fl-f0"/>
      </object_component>
      <object_component id="oc-100">
         <name>.text:strcmp</name>
         <load_address>0x4fa8</load_address>
         <run_address>0x4fa8</run_address>
         <size>0x18</size>
         <input_file_ref idref="fl-d5"/>
      </object_component>
      <object_component id="oc-327">
         <name>.text:strchr</name>
         <load_address>0x4fc0</load_address>
         <run_address>0x4fc0</run_address>
         <size>0x16</size>
         <input_file_ref idref="fl-ed"/>
      </object_component>
      <object_component id="oc-24d">
         <name>.text:strlen</name>
         <load_address>0x4fd6</load_address>
         <run_address>0x4fd6</run_address>
         <size>0x14</size>
         <input_file_ref idref="fl-ee"/>
      </object_component>
      <object_component id="oc-27d">
         <name>.text:wcslen</name>
         <load_address>0x4fea</load_address>
         <run_address>0x4fea</run_address>
         <size>0x12</size>
         <input_file_ref idref="fl-ef"/>
      </object_component>
      <object_component id="oc-18">
         <name>.text:decompress:none:__TI_decompress_none</name>
         <load_address>0x4ffc</load_address>
         <run_address>0x4ffc</run_address>
         <size>0xe</size>
         <input_file_ref idref="fl-d3"/>
      </object_component>
      <object_component id="oc-50">
         <name>.text:decompress:ZI:__TI_zero_init</name>
         <load_address>0x500a</load_address>
         <run_address>0x500a</run_address>
         <size>0xc</size>
         <input_file_ref idref="fl-d2"/>
      </object_component>
      <object_component id="oc-24">
         <name>.text</name>
         <load_address>0x5016</load_address>
         <run_address>0x5016</run_address>
         <size>0xc</size>
         <input_file_ref idref="fl-a"/>
      </object_component>
      <object_component id="oc-1b9">
         <name>.text:_outc</name>
         <load_address>0x5022</load_address>
         <run_address>0x5022</run_address>
         <size>0xa</size>
         <input_file_ref idref="fl-c4"/>
      </object_component>
      <object_component id="oc-1f4">
         <name>.text:__aeabi_errno_addr</name>
         <load_address>0x502c</load_address>
         <run_address>0x502c</run_address>
         <size>0x8</size>
         <input_file_ref idref="fl-d9"/>
      </object_component>
      <object_component id="oc-9c">
         <name>.text:_system_pre_init</name>
         <load_address>0x5034</load_address>
         <run_address>0x5034</run_address>
         <size>0x4</size>
         <input_file_ref idref="fl-e4"/>
      </object_component>
      <object_component id="oc-114">
         <name>.text:abort:abort</name>
         <load_address>0x5038</load_address>
         <run_address>0x5038</run_address>
         <size>0x4</size>
         <input_file_ref idref="fl-e6"/>
      </object_component>
      <object_component id="oc-154">
         <name>.const:ASCII</name>
         <load_address>0x5040</load_address>
         <run_address>0x5040</run_address>
         <size>0x1e0</size>
         <input_file_ref idref="fl-3"/>
      </object_component>
      <object_component id="oc-2e0">
         <name>.const:$O1$$</name>
         <load_address>0x5220</load_address>
         <run_address>0x5220</run_address>
         <size>0x158</size>
         <input_file_ref idref="fl-d7"/>
      </object_component>
      <object_component id="oc-200">
         <name>.const:.string:_ctypes_</name>
         <load_address>0x5378</load_address>
         <run_address>0x5378</run_address>
         <size>0x101</size>
         <input_file_ref idref="fl-ea"/>
      </object_component>
      <object_component id="oc-170">
         <name>.const:.string:$P$T2$4</name>
         <load_address>0x5479</load_address>
         <run_address>0x5479</run_address>
         <size>0x3</size>
         <input_file_ref idref="fl-8"/>
      </object_component>
      <object_component id="oc-203">
         <name>.const:$O1$$</name>
         <load_address>0x547c</load_address>
         <run_address>0x547c</run_address>
         <size>0x58</size>
         <input_file_ref idref="fl-d6"/>
      </object_component>
      <object_component id="oc-169">
         <name>.const:.string:$P$T0$2</name>
         <load_address>0x54d4</load_address>
         <run_address>0x54d4</run_address>
         <size>0xb</size>
         <input_file_ref idref="fl-8"/>
      </object_component>
      <object_component id="oc-16c">
         <name>.const:.string:$P$T1$3</name>
         <load_address>0x54df</load_address>
         <run_address>0x54df</run_address>
         <size>0xb</size>
         <input_file_ref idref="fl-8"/>
      </object_component>
      <object_component id="oc-173">
         <name>.const:.string:$P$T3$5</name>
         <load_address>0x54ea</load_address>
         <run_address>0x54ea</run_address>
         <size>0x9</size>
         <input_file_ref idref="fl-8"/>
      </object_component>
      <object_component id="oc-179">
         <name>.const:.string:$P$T5$7</name>
         <load_address>0x54f3</load_address>
         <run_address>0x54f3</run_address>
         <size>0x9</size>
         <input_file_ref idref="fl-8"/>
      </object_component>
      <object_component id="oc-176">
         <name>.const:.string:$P$T4$6</name>
         <load_address>0x54fc</load_address>
         <run_address>0x54fc</run_address>
         <size>0x4</size>
         <input_file_ref idref="fl-8"/>
      </object_component>
      <object_component id="oc-3cf">
         <name>__TI_handler_table</name>
         <load_address>0x5500</load_address>
         <run_address>0x5500</run_address>
         <size>0xc</size>
      </object_component>
      <object_component id="oc-3d2">
         <name>.cinit..bss.load</name>
         <load_address>0x5510</load_address>
         <run_address>0x5510</run_address>
         <size>0x8</size>
      </object_component>
      <object_component id="oc-3d1">
         <name>.cinit..data.load</name>
         <load_address>0x5518</load_address>
         <run_address>0x5518</run_address>
         <size>0x7</size>
      </object_component>
      <object_component id="oc-3d0">
         <name>__TI_cinit_table</name>
         <load_address>0x5520</load_address>
         <run_address>0x5520</run_address>
         <size>0x10</size>
      </object_component>
      <object_component id="oc-16f">
         <name>.data</name>
         <load_address>0x200035a0</load_address>
         <run_address>0x200035a0</run_address>
         <size>0x4</size>
         <input_file_ref idref="fl-8"/>
      </object_component>
      <object_component id="oc-71">
         <name>.data</name>
         <load_address>0x20003598</load_address>
         <run_address>0x20003598</run_address>
         <size>0x8</size>
         <input_file_ref idref="fl-9"/>
      </object_component>
      <object_component id="oc-2b6">
         <name>.data</name>
         <load_address>0x200035a4</load_address>
         <run_address>0x200035a4</run_address>
         <size>0x4</size>
         <input_file_ref idref="fl-d9"/>
      </object_component>
      <object_component id="oc-106">
         <name>.common:input_stream</name>
         <uninitialized>true</uninitialized>
         <run_address>0x20002710</run_address>
         <size>0x28c</size>
      </object_component>
      <object_component id="oc-15e">
         <name>.common:i</name>
         <uninitialized>true</uninitialized>
         <run_address>0x200029ac</run_address>
         <size>0x4</size>
      </object_component>
      <object_component id="oc-10b">
         <name>.common:decimalDegreeslat</name>
         <uninitialized>true</uninitialized>
         <run_address>0x200029c0</run_address>
         <size>0xc</size>
      </object_component>
      <object_component id="oc-10e">
         <name>.common:decimalDegreeslong</name>
         <uninitialized>true</uninitialized>
         <run_address>0x200029cc</run_address>
         <size>0xc</size>
      </object_component>
      <object_component id="oc-10f">
         <name>.common:lat_long</name>
         <uninitialized>true</uninitialized>
         <run_address>0x200029b0</run_address>
         <size>0x10</size>
      </object_component>
      <object_component id="oc-112">
         <name>.common:to_be_sent</name>
         <uninitialized>true</uninitialized>
         <run_address>0x20000000</run_address>
         <size>0x2710</size>
      </object_component>
      <object_component id="oc-110">
         <name>.common:FR</name>
         <uninitialized>true</uninitialized>
         <run_address>0x2000299c</run_address>
         <size>0x10</size>
      </object_component>
      <object_component id="oc-111">
         <name>.common:td</name>
         <uninitialized>true</uninitialized>
         <run_address>0x200029d8</run_address>
         <size>0x8</size>
      </object_component>
      <object_component id="oc-21">
         <name>.stack</name>
         <uninitialized>true</uninitialized>
         <run_address>0x200029e0</run_address>
         <size>0x4</size>
         <input_file_ref idref="fl-d8"/>
      </object_component>
      <object_component id="oc-3d3">
         <name>.stack</name>
         <uninitialized>true</uninitialized>
         <run_address>0x200029e0</run_address>
         <size>0x0</size>
      </object_component>
      <object_component id="oc-bb">
         <name>.debug_info</name>
         <load_address>0x0</load_address>
         <run_address>0x0</run_address>
         <size>0x276</size>
         <input_file_ref idref="fl-2"/>
      </object_component>
      <object_component id="oc-df">
         <name>.debug_info</name>
         <load_address>0x276</load_address>
         <run_address>0x276</run_address>
         <size>0x1b7</size>
         <input_file_ref idref="fl-2"/>
      </object_component>
      <object_component id="oc-77">
         <name>.debug_info</name>
         <load_address>0x42d</load_address>
         <run_address>0x42d</run_address>
         <size>0x26b</size>
         <input_file_ref idref="fl-2"/>
      </object_component>
      <object_component id="oc-39">
         <name>.debug_info</name>
         <load_address>0x698</load_address>
         <run_address>0x698</run_address>
         <size>0x84</size>
         <input_file_ref idref="fl-2"/>
      </object_component>
      <object_component id="oc-b6">
         <name>.debug_info</name>
         <load_address>0x71c</load_address>
         <run_address>0x71c</run_address>
         <size>0x297</size>
         <input_file_ref idref="fl-2"/>
      </object_component>
      <object_component id="oc-7c">
         <name>.debug_info</name>
         <load_address>0x9b3</load_address>
         <run_address>0x9b3</run_address>
         <size>0xbb</size>
         <input_file_ref idref="fl-2"/>
      </object_component>
      <object_component id="oc-15d">
         <name>.debug_info</name>
         <load_address>0xa6e</load_address>
         <run_address>0xa6e</run_address>
         <size>0x2ab</size>
         <input_file_ref idref="fl-3"/>
      </object_component>
      <object_component id="oc-155">
         <name>.debug_info</name>
         <load_address>0xd19</load_address>
         <run_address>0xd19</run_address>
         <size>0xea</size>
         <input_file_ref idref="fl-3"/>
      </object_component>
      <object_component id="oc-cd">
         <name>.debug_info</name>
         <load_address>0xe03</load_address>
         <run_address>0xe03</run_address>
         <size>0x72d</size>
         <input_file_ref idref="fl-3"/>
      </object_component>
      <object_component id="oc-158">
         <name>.debug_info</name>
         <load_address>0x1530</load_address>
         <run_address>0x1530</run_address>
         <size>0x3f</size>
         <input_file_ref idref="fl-3"/>
      </object_component>
      <object_component id="oc-2d">
         <name>.debug_info</name>
         <load_address>0x156f</load_address>
         <run_address>0x156f</run_address>
         <size>0x1db</size>
         <input_file_ref idref="fl-4"/>
      </object_component>
      <object_component id="oc-161">
         <name>.debug_info</name>
         <load_address>0x174a</load_address>
         <run_address>0x174a</run_address>
         <size>0x27e</size>
         <input_file_ref idref="fl-5"/>
      </object_component>
      <object_component id="oc-d9">
         <name>.debug_info</name>
         <load_address>0x19c8</load_address>
         <run_address>0x19c8</run_address>
         <size>0x252</size>
         <input_file_ref idref="fl-5"/>
      </object_component>
      <object_component id="oc-107">
         <name>.debug_info</name>
         <load_address>0x1c1a</load_address>
         <run_address>0x1c1a</run_address>
         <size>0x2c3</size>
         <input_file_ref idref="fl-6"/>
      </object_component>
      <object_component id="oc-d4">
         <name>.debug_info</name>
         <load_address>0x1edd</load_address>
         <run_address>0x1edd</run_address>
         <size>0x1c3</size>
         <input_file_ref idref="fl-6"/>
      </object_component>
      <object_component id="oc-1ab">
         <name>.debug_info</name>
         <load_address>0x20a0</load_address>
         <run_address>0x20a0</run_address>
         <size>0x2fe</size>
         <input_file_ref idref="fl-7"/>
      </object_component>
      <object_component id="oc-f1">
         <name>.debug_info</name>
         <load_address>0x239e</load_address>
         <run_address>0x239e</run_address>
         <size>0x4c2</size>
         <input_file_ref idref="fl-7"/>
      </object_component>
      <object_component id="oc-1c1">
         <name>.debug_info</name>
         <load_address>0x2860</load_address>
         <run_address>0x2860</run_address>
         <size>0x2c</size>
         <input_file_ref idref="fl-7"/>
      </object_component>
      <object_component id="oc-10c">
         <name>.debug_info</name>
         <load_address>0x288c</load_address>
         <run_address>0x288c</run_address>
         <size>0x455</size>
         <input_file_ref idref="fl-8"/>
      </object_component>
      <object_component id="oc-16a">
         <name>.debug_info</name>
         <load_address>0x2ce1</load_address>
         <run_address>0x2ce1</run_address>
         <size>0xec</size>
         <input_file_ref idref="fl-8"/>
      </object_component>
      <object_component id="oc-16d">
         <name>.debug_info</name>
         <load_address>0x2dcd</load_address>
         <run_address>0x2dcd</run_address>
         <size>0xec</size>
         <input_file_ref idref="fl-8"/>
      </object_component>
      <object_component id="oc-171">
         <name>.debug_info</name>
         <load_address>0x2eb9</load_address>
         <run_address>0x2eb9</run_address>
         <size>0xec</size>
         <input_file_ref idref="fl-8"/>
      </object_component>
      <object_component id="oc-174">
         <name>.debug_info</name>
         <load_address>0x2fa5</load_address>
         <run_address>0x2fa5</run_address>
         <size>0xec</size>
         <input_file_ref idref="fl-8"/>
      </object_component>
      <object_component id="oc-177">
         <name>.debug_info</name>
         <load_address>0x3091</load_address>
         <run_address>0x3091</run_address>
         <size>0xec</size>
         <input_file_ref idref="fl-8"/>
      </object_component>
      <object_component id="oc-17a">
         <name>.debug_info</name>
         <load_address>0x317d</load_address>
         <run_address>0x317d</run_address>
         <size>0xec</size>
         <input_file_ref idref="fl-8"/>
      </object_component>
      <object_component id="oc-e6">
         <name>.debug_info</name>
         <load_address>0x3269</load_address>
         <run_address>0x3269</run_address>
         <size>0x584</size>
         <input_file_ref idref="fl-8"/>
      </object_component>
      <object_component id="oc-17d">
         <name>.debug_info</name>
         <load_address>0x37ed</load_address>
         <run_address>0x37ed</run_address>
         <size>0x8b</size>
         <input_file_ref idref="fl-8"/>
      </object_component>
      <object_component id="oc-109">
         <name>.debug_info</name>
         <load_address>0x3878</load_address>
         <run_address>0x3878</run_address>
         <size>0x724</size>
         <input_file_ref idref="fl-9"/>
      </object_component>
      <object_component id="oc-72">
         <name>.debug_info</name>
         <load_address>0x3f9c</load_address>
         <run_address>0x3f9c</run_address>
         <size>0x11b</size>
         <input_file_ref idref="fl-9"/>
      </object_component>
      <object_component id="oc-a4">
         <name>.debug_info</name>
         <load_address>0x40b7</load_address>
         <run_address>0x40b7</run_address>
         <size>0x3cb</size>
         <input_file_ref idref="fl-9"/>
      </object_component>
      <object_component id="oc-c3">
         <name>.debug_info</name>
         <load_address>0x4482</load_address>
         <run_address>0x4482</run_address>
         <size>0x2c</size>
         <input_file_ref idref="fl-9"/>
      </object_component>
      <object_component id="oc-32">
         <name>.debug_info</name>
         <load_address>0x44ae</load_address>
         <run_address>0x44ae</run_address>
         <size>0x2ef</size>
         <input_file_ref idref="fl-a"/>
      </object_component>
      <object_component id="oc-10">
         <name>.debug_info</name>
         <load_address>0x479d</load_address>
         <run_address>0x479d</run_address>
         <size>0x108</size>
         <input_file_ref idref="fl-a"/>
      </object_component>
      <object_component id="oc-25">
         <name>.debug_info</name>
         <load_address>0x48a5</load_address>
         <run_address>0x48a5</run_address>
         <size>0x284</size>
         <input_file_ref idref="fl-a"/>
      </object_component>
      <object_component id="oc-1c0">
         <name>.debug_info</name>
         <load_address>0x4b29</load_address>
         <run_address>0x4b29</run_address>
         <size>0x334</size>
         <input_file_ref idref="fl-c4"/>
      </object_component>
      <object_component id="oc-fb">
         <name>.debug_info</name>
         <load_address>0x4e5d</load_address>
         <run_address>0x4e5d</run_address>
         <size>0x1d2</size>
         <input_file_ref idref="fl-c4"/>
      </object_component>
      <object_component id="oc-1b4">
         <name>.debug_info</name>
         <load_address>0x502f</load_address>
         <run_address>0x502f</run_address>
         <size>0x18e</size>
         <input_file_ref idref="fl-c4"/>
      </object_component>
      <object_component id="oc-1bd">
         <name>.debug_info</name>
         <load_address>0x51bd</load_address>
         <run_address>0x51bd</run_address>
         <size>0x16e</size>
         <input_file_ref idref="fl-c4"/>
      </object_component>
      <object_component id="oc-339">
         <name>.debug_info</name>
         <load_address>0x532b</load_address>
         <run_address>0x532b</run_address>
         <size>0x2c</size>
         <input_file_ref idref="fl-c4"/>
      </object_component>
      <object_component id="oc-24a">
         <name>.debug_info</name>
         <load_address>0x5357</load_address>
         <run_address>0x5357</run_address>
         <size>0x2ea</size>
         <input_file_ref idref="fl-c5"/>
      </object_component>
      <object_component id="oc-1a8">
         <name>.debug_info</name>
         <load_address>0x5641</load_address>
         <run_address>0x5641</run_address>
         <size>0x6a5</size>
         <input_file_ref idref="fl-c5"/>
      </object_component>
      <object_component id="oc-2ea">
         <name>.debug_info</name>
         <load_address>0x5ce6</load_address>
         <run_address>0x5ce6</run_address>
         <size>0x46</size>
         <input_file_ref idref="fl-c5"/>
      </object_component>
      <object_component id="oc-239">
         <name>.debug_info</name>
         <load_address>0x5d2c</load_address>
         <run_address>0x5d2c</run_address>
         <size>0x39</size>
         <input_file_ref idref="fl-c5"/>
      </object_component>
      <object_component id="oc-243">
         <name>.debug_info</name>
         <load_address>0x5d65</load_address>
         <run_address>0x5d65</run_address>
         <size>0x2cb</size>
         <input_file_ref idref="fl-c6"/>
      </object_component>
      <object_component id="oc-19f">
         <name>.debug_info</name>
         <load_address>0x6030</load_address>
         <run_address>0x6030</run_address>
         <size>0x24e</size>
         <input_file_ref idref="fl-c6"/>
      </object_component>
      <object_component id="oc-240">
         <name>.debug_info</name>
         <load_address>0x627e</load_address>
         <run_address>0x627e</run_address>
         <size>0x367</size>
         <input_file_ref idref="fl-c7"/>
      </object_component>
      <object_component id="oc-194">
         <name>.debug_info</name>
         <load_address>0x65e5</load_address>
         <run_address>0x65e5</run_address>
         <size>0x79c</size>
         <input_file_ref idref="fl-c7"/>
      </object_component>
      <object_component id="oc-238">
         <name>.debug_info</name>
         <load_address>0x6d81</load_address>
         <run_address>0x6d81</run_address>
         <size>0x367</size>
         <input_file_ref idref="fl-c8"/>
      </object_component>
      <object_component id="oc-189">
         <name>.debug_info</name>
         <load_address>0x70e8</load_address>
         <run_address>0x70e8</run_address>
         <size>0x797</size>
         <input_file_ref idref="fl-c8"/>
      </object_component>
      <object_component id="oc-19b">
         <name>.debug_info</name>
         <load_address>0x787f</load_address>
         <run_address>0x787f</run_address>
         <size>0x14d</size>
         <input_file_ref idref="fl-c9"/>
      </object_component>
      <object_component id="oc-228">
         <name>.debug_info</name>
         <load_address>0x79cc</load_address>
         <run_address>0x79cc</run_address>
         <size>0x129</size>
         <input_file_ref idref="fl-ca"/>
      </object_component>
      <object_component id="oc-245">
         <name>.debug_info</name>
         <load_address>0x7af5</load_address>
         <run_address>0x7af5</run_address>
         <size>0x12b</size>
         <input_file_ref idref="fl-ca"/>
      </object_component>
      <object_component id="oc-184">
         <name>.debug_info</name>
         <load_address>0x7c20</load_address>
         <run_address>0x7c20</run_address>
         <size>0x13b</size>
         <input_file_ref idref="fl-cb"/>
      </object_component>
      <object_component id="oc-18f">
         <name>.debug_info</name>
         <load_address>0x7d5b</load_address>
         <run_address>0x7d5b</run_address>
         <size>0x13b</size>
         <input_file_ref idref="fl-cc"/>
      </object_component>
      <object_component id="oc-219">
         <name>.debug_info</name>
         <load_address>0x7e96</load_address>
         <run_address>0x7e96</run_address>
         <size>0x12f</size>
         <input_file_ref idref="fl-cd"/>
      </object_component>
      <object_component id="oc-ec">
         <name>.debug_info</name>
         <load_address>0x7fc5</load_address>
         <run_address>0x7fc5</run_address>
         <size>0x13f</size>
         <input_file_ref idref="fl-ce"/>
      </object_component>
      <object_component id="oc-f7">
         <name>.debug_info</name>
         <load_address>0x8104</load_address>
         <run_address>0x8104</run_address>
         <size>0x12d</size>
         <input_file_ref idref="fl-cf"/>
      </object_component>
      <object_component id="oc-222">
         <name>.debug_info</name>
         <load_address>0x8231</load_address>
         <run_address>0x8231</run_address>
         <size>0x12d</size>
         <input_file_ref idref="fl-d0"/>
      </object_component>
      <object_component id="oc-3f">
         <name>.debug_info</name>
         <load_address>0x835e</load_address>
         <run_address>0x835e</run_address>
         <size>0x11a</size>
         <input_file_ref idref="fl-d1"/>
      </object_component>
      <object_component id="oc-95">
         <name>.debug_info</name>
         <load_address>0x8478</load_address>
         <run_address>0x8478</run_address>
         <size>0x2d5</size>
         <input_file_ref idref="fl-d2"/>
      </object_component>
      <object_component id="oc-54">
         <name>.debug_info</name>
         <load_address>0x874d</load_address>
         <run_address>0x874d</run_address>
         <size>0x1b6</size>
         <input_file_ref idref="fl-d2"/>
      </object_component>
      <object_component id="oc-90">
         <name>.debug_info</name>
         <load_address>0x8903</load_address>
         <run_address>0x8903</run_address>
         <size>0x46</size>
         <input_file_ref idref="fl-d2"/>
      </object_component>
      <object_component id="oc-49">
         <name>.debug_info</name>
         <load_address>0x8949</load_address>
         <run_address>0x8949</run_address>
         <size>0x2a9</size>
         <input_file_ref idref="fl-d3"/>
      </object_component>
      <object_component id="oc-19">
         <name>.debug_info</name>
         <load_address>0x8bf2</load_address>
         <run_address>0x8bf2</run_address>
         <size>0x1eb</size>
         <input_file_ref idref="fl-d3"/>
      </object_component>
      <object_component id="oc-44">
         <name>.debug_info</name>
         <load_address>0x8ddd</load_address>
         <run_address>0x8ddd</run_address>
         <size>0x46</size>
         <input_file_ref idref="fl-d3"/>
      </object_component>
      <object_component id="oc-88">
         <name>.debug_info</name>
         <load_address>0x8e23</load_address>
         <run_address>0x8e23</run_address>
         <size>0x2c</size>
         <input_file_ref idref="fl-d3"/>
      </object_component>
      <object_component id="oc-86">
         <name>.debug_info</name>
         <load_address>0x8e4f</load_address>
         <run_address>0x8e4f</run_address>
         <size>0x29f</size>
         <input_file_ref idref="fl-d4"/>
      </object_component>
      <object_component id="oc-16">
         <name>.debug_info</name>
         <load_address>0x90ee</load_address>
         <run_address>0x90ee</run_address>
         <size>0x251</size>
         <input_file_ref idref="fl-d4"/>
      </object_component>
      <object_component id="oc-34">
         <name>.debug_info</name>
         <load_address>0x933f</load_address>
         <run_address>0x933f</run_address>
         <size>0x60</size>
         <input_file_ref idref="fl-d4"/>
      </object_component>
      <object_component id="oc-bc">
         <name>.debug_info</name>
         <load_address>0x939f</load_address>
         <run_address>0x939f</run_address>
         <size>0x46</size>
         <input_file_ref idref="fl-d4"/>
      </object_component>
      <object_component id="oc-81">
         <name>.debug_info</name>
         <load_address>0x93e5</load_address>
         <run_address>0x93e5</run_address>
         <size>0x39</size>
         <input_file_ref idref="fl-d4"/>
      </object_component>
      <object_component id="oc-1c7">
         <name>.debug_info</name>
         <load_address>0x941e</load_address>
         <run_address>0x941e</run_address>
         <size>0x28b</size>
         <input_file_ref idref="fl-d5"/>
      </object_component>
      <object_component id="oc-102">
         <name>.debug_info</name>
         <load_address>0x96a9</load_address>
         <run_address>0x96a9</run_address>
         <size>0x274</size>
         <input_file_ref idref="fl-d5"/>
      </object_component>
      <object_component id="oc-207">
         <name>.debug_info</name>
         <load_address>0x991d</load_address>
         <run_address>0x991d</run_address>
         <size>0x3b9</size>
         <input_file_ref idref="fl-d6"/>
      </object_component>
      <object_component id="oc-204">
         <name>.debug_info</name>
         <load_address>0x9cd6</load_address>
         <run_address>0x9cd6</run_address>
         <size>0x124</size>
         <input_file_ref idref="fl-d6"/>
      </object_component>
      <object_component id="oc-165">
         <name>.debug_info</name>
         <load_address>0x9dfa</load_address>
         <run_address>0x9dfa</run_address>
         <size>0x3b8</size>
         <input_file_ref idref="fl-d6"/>
      </object_component>
      <object_component id="oc-2e4">
         <name>.debug_info</name>
         <load_address>0xa1b2</load_address>
         <run_address>0xa1b2</run_address>
         <size>0x3ab</size>
         <input_file_ref idref="fl-d7"/>
      </object_component>
      <object_component id="oc-2e1">
         <name>.debug_info</name>
         <load_address>0xa55d</load_address>
         <run_address>0xa55d</run_address>
         <size>0x13b</size>
         <input_file_ref idref="fl-d7"/>
      </object_component>
      <object_component id="oc-22d">
         <name>.debug_info</name>
         <load_address>0xa698</load_address>
         <run_address>0xa698</run_address>
         <size>0x730</size>
         <input_file_ref idref="fl-d7"/>
      </object_component>
      <object_component id="oc-35f">
         <name>.debug_info</name>
         <load_address>0xadc8</load_address>
         <run_address>0xadc8</run_address>
         <size>0x39</size>
         <input_file_ref idref="fl-d7"/>
      </object_component>
      <object_component id="oc-2c3">
         <name>.debug_info</name>
         <load_address>0xae01</load_address>
         <run_address>0xae01</run_address>
         <size>0x2c</size>
         <input_file_ref idref="fl-d7"/>
      </object_component>
      <object_component id="oc-22">
         <name>.debug_info</name>
         <load_address>0xae2d</load_address>
         <run_address>0xae2d</run_address>
         <size>0x10c</size>
         <input_file_ref idref="fl-d8"/>
      </object_component>
      <object_component id="oc-5d">
         <name>.debug_info</name>
         <load_address>0xaf39</load_address>
         <run_address>0xaf39</run_address>
         <size>0x1aa</size>
         <input_file_ref idref="fl-d8"/>
      </object_component>
      <object_component id="oc-2ba">
         <name>.debug_info</name>
         <load_address>0xb0e3</load_address>
         <run_address>0xb0e3</run_address>
         <size>0x28a</size>
         <input_file_ref idref="fl-d9"/>
      </object_component>
      <object_component id="oc-2b7">
         <name>.debug_info</name>
         <load_address>0xb36d</load_address>
         <run_address>0xb36d</run_address>
         <size>0x10f</size>
         <input_file_ref idref="fl-d9"/>
      </object_component>
      <object_component id="oc-1f6">
         <name>.debug_info</name>
         <load_address>0xb47c</load_address>
         <run_address>0xb47c</run_address>
         <size>0x14f</size>
         <input_file_ref idref="fl-d9"/>
      </object_component>
      <object_component id="oc-2c2">
         <name>.debug_info</name>
         <load_address>0xb5cb</load_address>
         <run_address>0xb5cb</run_address>
         <size>0x301</size>
         <input_file_ref idref="fl-da"/>
      </object_component>
      <object_component id="oc-1fc">
         <name>.debug_info</name>
         <load_address>0xb8cc</load_address>
         <run_address>0xb8cc</run_address>
         <size>0x1cd</size>
         <input_file_ref idref="fl-da"/>
      </object_component>
      <object_component id="oc-284">
         <name>.debug_info</name>
         <load_address>0xba99</load_address>
         <run_address>0xba99</run_address>
         <size>0x57c</size>
         <input_file_ref idref="fl-db"/>
      </object_component>
      <object_component id="oc-25a">
         <name>.debug_info</name>
         <load_address>0xc015</load_address>
         <run_address>0xc015</run_address>
         <size>0x21f</size>
         <input_file_ref idref="fl-db"/>
      </object_component>
      <object_component id="oc-307">
         <name>.debug_info</name>
         <load_address>0xc234</load_address>
         <run_address>0xc234</run_address>
         <size>0x1b4</size>
         <input_file_ref idref="fl-db"/>
      </object_component>
      <object_component id="oc-30d">
         <name>.debug_info</name>
         <load_address>0xc3e8</load_address>
         <run_address>0xc3e8</run_address>
         <size>0x21c</size>
         <input_file_ref idref="fl-db"/>
      </object_component>
      <object_component id="oc-260">
         <name>.debug_info</name>
         <load_address>0xc604</load_address>
         <run_address>0xc604</run_address>
         <size>0x3bc</size>
         <input_file_ref idref="fl-db"/>
      </object_component>
      <object_component id="oc-314">
         <name>.debug_info</name>
         <load_address>0xc9c0</load_address>
         <run_address>0xc9c0</run_address>
         <size>0x306</size>
         <input_file_ref idref="fl-db"/>
      </object_component>
      <object_component id="oc-31a">
         <name>.debug_info</name>
         <load_address>0xccc6</load_address>
         <run_address>0xccc6</run_address>
         <size>0x216</size>
         <input_file_ref idref="fl-db"/>
      </object_component>
      <object_component id="oc-266">
         <name>.debug_info</name>
         <load_address>0xcedc</load_address>
         <run_address>0xcedc</run_address>
         <size>0x216</size>
         <input_file_ref idref="fl-db"/>
      </object_component>
      <object_component id="oc-26c">
         <name>.debug_info</name>
         <load_address>0xd0f2</load_address>
         <run_address>0xd0f2</run_address>
         <size>0x305</size>
         <input_file_ref idref="fl-db"/>
      </object_component>
      <object_component id="oc-272">
         <name>.debug_info</name>
         <load_address>0xd3f7</load_address>
         <run_address>0xd3f7</run_address>
         <size>0x4b1</size>
         <input_file_ref idref="fl-db"/>
      </object_component>
      <object_component id="oc-1ae">
         <name>.debug_info</name>
         <load_address>0xd8a8</load_address>
         <run_address>0xd8a8</run_address>
         <size>0x5f5</size>
         <input_file_ref idref="fl-db"/>
      </object_component>
      <object_component id="oc-285">
         <name>.debug_info</name>
         <load_address>0xde9d</load_address>
         <run_address>0xde9d</run_address>
         <size>0x86</size>
         <input_file_ref idref="fl-db"/>
      </object_component>
      <object_component id="oc-33e">
         <name>.debug_info</name>
         <load_address>0xdf23</load_address>
         <run_address>0xdf23</run_address>
         <size>0x39</size>
         <input_file_ref idref="fl-db"/>
      </object_component>
      <object_component id="oc-395">
         <name>.debug_info</name>
         <load_address>0xdf5c</load_address>
         <run_address>0xdf5c</run_address>
         <size>0xb6</size>
         <input_file_ref idref="fl-db"/>
      </object_component>
      <object_component id="oc-343">
         <name>.debug_info</name>
         <load_address>0xe012</load_address>
         <run_address>0xe012</run_address>
         <size>0x46</size>
         <input_file_ref idref="fl-db"/>
      </object_component>
      <object_component id="oc-28a">
         <name>.debug_info</name>
         <load_address>0xe058</load_address>
         <run_address>0xe058</run_address>
         <size>0x46</size>
         <input_file_ref idref="fl-db"/>
      </object_component>
      <object_component id="oc-2e7">
         <name>.debug_info</name>
         <load_address>0xe09e</load_address>
         <run_address>0xe09e</run_address>
         <size>0x28e</size>
         <input_file_ref idref="fl-dc"/>
      </object_component>
      <object_component id="oc-235">
         <name>.debug_info</name>
         <load_address>0xe32c</load_address>
         <run_address>0xe32c</run_address>
         <size>0x328</size>
         <input_file_ref idref="fl-dc"/>
      </object_component>
      <object_component id="oc-2d1">
         <name>.debug_info</name>
         <load_address>0xe654</load_address>
         <run_address>0xe654</run_address>
         <size>0x293</size>
         <input_file_ref idref="fl-dd"/>
      </object_component>
      <object_component id="oc-21c">
         <name>.debug_info</name>
         <load_address>0xe8e7</load_address>
         <run_address>0xe8e7</run_address>
         <size>0x381</size>
         <input_file_ref idref="fl-dd"/>
      </object_component>
      <object_component id="oc-371">
         <name>.debug_info</name>
         <load_address>0xec68</load_address>
         <run_address>0xec68</run_address>
         <size>0x290</size>
         <input_file_ref idref="fl-de"/>
      </object_component>
      <object_component id="oc-2db">
         <name>.debug_info</name>
         <load_address>0xeef8</load_address>
         <run_address>0xeef8</run_address>
         <size>0x22b</size>
         <input_file_ref idref="fl-de"/>
      </object_component>
      <object_component id="oc-389">
         <name>.debug_info</name>
         <load_address>0xf123</load_address>
         <run_address>0xf123</run_address>
         <size>0x29b</size>
         <input_file_ref idref="fl-df"/>
      </object_component>
      <object_component id="oc-322">
         <name>.debug_info</name>
         <load_address>0xf3be</load_address>
         <run_address>0xf3be</run_address>
         <size>0x196</size>
         <input_file_ref idref="fl-df"/>
      </object_component>
      <object_component id="oc-36f">
         <name>.debug_info</name>
         <load_address>0xf554</load_address>
         <run_address>0xf554</run_address>
         <size>0x2fe</size>
         <input_file_ref idref="fl-e0"/>
      </object_component>
      <object_component id="oc-2d5">
         <name>.debug_info</name>
         <load_address>0xf852</load_address>
         <run_address>0xf852</run_address>
         <size>0x226</size>
         <input_file_ref idref="fl-e0"/>
      </object_component>
      <object_component id="oc-2fb">
         <name>.debug_info</name>
         <load_address>0xfa78</load_address>
         <run_address>0xfa78</run_address>
         <size>0x135</size>
         <input_file_ref idref="fl-e1"/>
      </object_component>
      <object_component id="oc-99">
         <name>.debug_info</name>
         <load_address>0xfbad</load_address>
         <run_address>0xfbad</run_address>
         <size>0x148</size>
         <input_file_ref idref="fl-e2"/>
      </object_component>
      <object_component id="oc-1d9">
         <name>.debug_info</name>
         <load_address>0xfcf5</load_address>
         <run_address>0xfcf5</run_address>
         <size>0x4b4</size>
         <input_file_ref idref="fl-e3"/>
      </object_component>
      <object_component id="oc-124">
         <name>.debug_info</name>
         <load_address>0x101a9</load_address>
         <run_address>0x101a9</run_address>
         <size>0x1a7</size>
         <input_file_ref idref="fl-e3"/>
      </object_component>
      <object_component id="oc-2a5">
         <name>.debug_info</name>
         <load_address>0x10350</load_address>
         <run_address>0x10350</run_address>
         <size>0x39</size>
         <input_file_ref idref="fl-e3"/>
      </object_component>
      <object_component id="oc-34b">
         <name>.debug_info</name>
         <load_address>0x10389</load_address>
         <run_address>0x10389</run_address>
         <size>0x39</size>
         <input_file_ref idref="fl-e3"/>
      </object_component>
      <object_component id="oc-2aa">
         <name>.debug_info</name>
         <load_address>0x103c2</load_address>
         <run_address>0x103c2</run_address>
         <size>0x39</size>
         <input_file_ref idref="fl-e3"/>
      </object_component>
      <object_component id="oc-2af">
         <name>.debug_info</name>
         <load_address>0x103fb</load_address>
         <run_address>0x103fb</run_address>
         <size>0xcd</size>
         <input_file_ref idref="fl-e3"/>
      </object_component>
      <object_component id="oc-9f">
         <name>.debug_info</name>
         <load_address>0x104c8</load_address>
         <run_address>0x104c8</run_address>
         <size>0x154</size>
         <input_file_ref idref="fl-e4"/>
      </object_component>
      <object_component id="oc-115">
         <name>.debug_info</name>
         <load_address>0x1061c</load_address>
         <run_address>0x1061c</run_address>
         <size>0x123</size>
         <input_file_ref idref="fl-e6"/>
      </object_component>
      <object_component id="oc-2f9">
         <name>.debug_info</name>
         <load_address>0x1073f</load_address>
         <run_address>0x1073f</run_address>
         <size>0x2ba</size>
         <input_file_ref idref="fl-e9"/>
      </object_component>
      <object_component id="oc-254">
         <name>.debug_info</name>
         <load_address>0x109f9</load_address>
         <run_address>0x109f9</run_address>
         <size>0x17d</size>
         <input_file_ref idref="fl-e9"/>
      </object_component>
      <object_component id="oc-2ca">
         <name>.debug_info</name>
         <load_address>0x10b76</load_address>
         <run_address>0x10b76</run_address>
         <size>0xfa</size>
         <input_file_ref idref="fl-ea"/>
      </object_component>
      <object_component id="oc-201">
         <name>.debug_info</name>
         <load_address>0x10c70</load_address>
         <run_address>0x10c70</run_address>
         <size>0x106</size>
         <input_file_ref idref="fl-ea"/>
      </object_component>
      <object_component id="oc-383">
         <name>.debug_info</name>
         <load_address>0x10d76</load_address>
         <run_address>0x10d76</run_address>
         <size>0x29c</size>
         <input_file_ref idref="fl-eb"/>
      </object_component>
      <object_component id="oc-302">
         <name>.debug_info</name>
         <load_address>0x11012</load_address>
         <run_address>0x11012</run_address>
         <size>0x1ce</size>
         <input_file_ref idref="fl-eb"/>
      </object_component>
      <object_component id="oc-32f">
         <name>.debug_info</name>
         <load_address>0x111e0</load_address>
         <run_address>0x111e0</run_address>
         <size>0x297</size>
         <input_file_ref idref="fl-ec"/>
      </object_component>
      <object_component id="oc-278">
         <name>.debug_info</name>
         <load_address>0x11477</load_address>
         <run_address>0x11477</run_address>
         <size>0x1b7</size>
         <input_file_ref idref="fl-ec"/>
      </object_component>
      <object_component id="oc-38b">
         <name>.debug_info</name>
         <load_address>0x1162e</load_address>
         <run_address>0x1162e</run_address>
         <size>0x29b</size>
         <input_file_ref idref="fl-ed"/>
      </object_component>
      <object_component id="oc-32b">
         <name>.debug_info</name>
         <load_address>0x118c9</load_address>
         <run_address>0x118c9</run_address>
         <size>0x263</size>
         <input_file_ref idref="fl-ed"/>
      </object_component>
      <object_component id="oc-2f7">
         <name>.debug_info</name>
         <load_address>0x11b2c</load_address>
         <run_address>0x11b2c</run_address>
         <size>0x290</size>
         <input_file_ref idref="fl-ee"/>
      </object_component>
      <object_component id="oc-24e">
         <name>.debug_info</name>
         <load_address>0x11dbc</load_address>
         <run_address>0x11dbc</run_address>
         <size>0x246</size>
         <input_file_ref idref="fl-ee"/>
      </object_component>
      <object_component id="oc-336">
         <name>.debug_info</name>
         <load_address>0x12002</load_address>
         <run_address>0x12002</run_address>
         <size>0x290</size>
         <input_file_ref idref="fl-ef"/>
      </object_component>
      <object_component id="oc-27f">
         <name>.debug_info</name>
         <load_address>0x12292</load_address>
         <run_address>0x12292</run_address>
         <size>0x15b</size>
         <input_file_ref idref="fl-ef"/>
      </object_component>
      <object_component id="oc-38e">
         <name>.debug_info</name>
         <load_address>0x123ed</load_address>
         <run_address>0x123ed</run_address>
         <size>0x46</size>
         <input_file_ref idref="fl-ef"/>
      </object_component>
      <object_component id="oc-331">
         <name>.debug_info</name>
         <load_address>0x12433</load_address>
         <run_address>0x12433</run_address>
         <size>0x39</size>
         <input_file_ref idref="fl-ef"/>
      </object_component>
      <object_component id="oc-35c">
         <name>.debug_info</name>
         <load_address>0x1246c</load_address>
         <run_address>0x1246c</run_address>
         <size>0x294</size>
         <input_file_ref idref="fl-f0"/>
      </object_component>
      <object_component id="oc-2bc">
         <name>.debug_info</name>
         <load_address>0x12700</load_address>
         <run_address>0x12700</run_address>
         <size>0x17f</size>
         <input_file_ref idref="fl-f0"/>
      </object_component>
      <object_component id="oc-369">
         <name>.debug_info</name>
         <load_address>0x1287f</load_address>
         <run_address>0x1287f</run_address>
         <size>0x162</size>
         <input_file_ref idref="fl-f1"/>
      </object_component>
      <object_component id="oc-37d">
         <name>.debug_info</name>
         <load_address>0x129e1</load_address>
         <run_address>0x129e1</run_address>
         <size>0x116</size>
         <input_file_ref idref="fl-f2"/>
      </object_component>
      <object_component id="oc-3d4">
         <name>.debug_info</name>
         <load_address>0x12af7</load_address>
         <run_address>0x12af7</run_address>
         <size>0xbb</size>
      </object_component>
      <object_component id="oc-153">
         <name>.debug_line</name>
         <load_address>0x0</load_address>
         <run_address>0x0</run_address>
         <size>0x20</size>
         <input_file_ref idref="fl-2"/>
      </object_component>
      <object_component id="oc-e3">
         <name>.debug_line</name>
         <load_address>0x20</load_address>
         <run_address>0x20</run_address>
         <size>0x78</size>
         <input_file_ref idref="fl-2"/>
      </object_component>
      <object_component id="oc-7a">
         <name>.debug_line</name>
         <load_address>0x98</load_address>
         <run_address>0x98</run_address>
         <size>0x7c</size>
         <input_file_ref idref="fl-2"/>
      </object_component>
      <object_component id="oc-3c">
         <name>.debug_line</name>
         <load_address>0x114</load_address>
         <run_address>0x114</run_address>
         <size>0x20</size>
         <input_file_ref idref="fl-2"/>
      </object_component>
      <object_component id="oc-b9">
         <name>.debug_line</name>
         <load_address>0x134</load_address>
         <run_address>0x134</run_address>
         <size>0x80</size>
         <input_file_ref idref="fl-2"/>
      </object_component>
      <object_component id="oc-7f">
         <name>.debug_line</name>
         <load_address>0x1b4</load_address>
         <run_address>0x1b4</run_address>
         <size>0x7d</size>
         <input_file_ref idref="fl-2"/>
      </object_component>
      <object_component id="oc-1f1">
         <name>.debug_line</name>
         <load_address>0x231</load_address>
         <run_address>0x231</run_address>
         <size>0x20</size>
         <input_file_ref idref="fl-3"/>
      </object_component>
      <object_component id="oc-1ef">
         <name>.debug_line</name>
         <load_address>0x251</load_address>
         <run_address>0x251</run_address>
         <size>0x32</size>
         <input_file_ref idref="fl-3"/>
      </object_component>
      <object_component id="oc-d1">
         <name>.debug_line</name>
         <load_address>0x283</load_address>
         <run_address>0x283</run_address>
         <size>0x188</size>
         <input_file_ref idref="fl-3"/>
      </object_component>
      <object_component id="oc-15b">
         <name>.debug_line</name>
         <load_address>0x40b</load_address>
         <run_address>0x40b</run_address>
         <size>0x32</size>
         <input_file_ref idref="fl-3"/>
      </object_component>
      <object_component id="oc-2b">
         <name>.debug_line</name>
         <load_address>0x43d</load_address>
         <run_address>0x43d</run_address>
         <size>0x87</size>
         <input_file_ref idref="fl-4"/>
      </object_component>
      <object_component id="oc-1f3">
         <name>.debug_line</name>
         <load_address>0x4c4</load_address>
         <run_address>0x4c4</run_address>
         <size>0x20</size>
         <input_file_ref idref="fl-5"/>
      </object_component>
      <object_component id="oc-dc">
         <name>.debug_line</name>
         <load_address>0x4e4</load_address>
         <run_address>0x4e4</run_address>
         <size>0x97</size>
         <input_file_ref idref="fl-5"/>
      </object_component>
      <object_component id="oc-1c9">
         <name>.debug_line</name>
         <load_address>0x57b</load_address>
         <run_address>0x57b</run_address>
         <size>0x2d</size>
         <input_file_ref idref="fl-6"/>
      </object_component>
      <object_component id="oc-d3">
[...]
            </allocated_space>
            <allocated_space>
               <start_address>0x20003598</start_address>
               <size>0x10</size>
               <logical_group_ref idref="lg-a"/>
            </allocated_space>
            <available_space>
               <start_address>0x200035a8</start_address>
               <size>0x4a58</size>
            </available_space>
         </usage_details>
      </memory_area>
   </placement_map>
   <cptbl_list>
      <cptbl>
         <name>__TI_cinit_table</name>
         <cprec>
            <name>.bss</name>
            <load_address>0x5510</load_address>
            <load_size>0x8</load_size>
            <run_address>0x20000000</run_address>
            <run_size>0x29e0</run_size>
            <compression>zero_init</compression>
         </cprec>
         <cprec>
            <name>.data</name>
            <load_address>0x5518</load_address>
            <load_size>0x7</load_size>
            <run_address>0x20003598</run_address>
            <run_size>0x10</run_size>
            <compression>lzss</compression>
         </cprec>
      </cptbl>
   </cptbl_list>
   <handler_table>
      <handler_table_name>__TI_handler_table</handler_table_name>
      <handler>
         <index>0x0</index>
         <name>__TI_decompress_lzss</name>
      </handler>
      <handler>
         <index>0x1</index>
         <name>__TI_decompress_none</name>
      </handler>
      <handler>
         <index>0x2</index>
         <name>__TI_zero_init</name>
      </handler>
   </handler_table>
   <symbol_table>
      <symbol id="sm-1">
         <name>__STACK_TOP</name>
         <value>0x20002be0</value>
      </symbol>
      <symbol id="sm-2">
         <name>__TI_CINIT_Base</name>
         <value>0x5520</value>
      </symbol>
      <symbol id="sm-3">
         <name>__TI_CINIT_Limit</name>
         <value>0x5530</value>
      </symbol>
      <symbol id="sm-4">
         <name>__TI_Handler_Table_Base</name>
         <value>0x5500</value>
      </symbol>
      <symbol id="sm-5">
         <name>__TI_Handler_Table_Limit</name>
         <value>0x550c</value>
      </symbol>
      <symbol id="sm-6">
         <name>binit</name>
         <value>0xffffffff</value>
      </symbol>
      <symbol id="sm-7">
         <name>__binit__</name>
         <value>0xffffffff</value>
      </symbol>
      <symbol id="sm-8">
         <name>__STACK_SIZE</name>
         <value>0xbb8</value>
      </symbol>
      <symbol id="sm-9">
         <name>__STACK_END</name>
         <value>0x20003598</value>
      </symbol>
      <symbol id="sm-a">
         <name>__c_args__</name>
         <value>0xffffffff</value>
      </symbol>
      <symbol id="sm-b">
         <name>__TI_pprof_out_hndl</name>
         <value>0xffffffff</value>
      </symbol>
      <symbol id="sm-c">
         <name>__TI_prof_data_start</name>
         <value>0xffffffff</value>
      </symbol>
      <symbol id="sm-d">
         <name>__TI_prof_data_size</name>
         <value>0xffffffff</value>
      </symbol>
      <symbol id="sm-50">
         <name>PORTF_init</name>
         <value>0x489d</value>
         <object_component_ref idref="oc-de"/>
      </symbol>
      <symbol id="sm-51">
         <name>turn_on_red_led</name>
         <value>0x48e5</value>
         <object_component_ref idref="oc-de"/>
      </symbol>
      <symbol id="sm-52">
         <name>turn_off_red_led</name>
         <value>0x48f1</value>
         <object_component_ref idref="oc-de"/>
      </symbol>
      <symbol id="sm-9c">
         <name>Nokia5110_SetCursor</name>
         <value>0x2319</value>
         <object_component_ref idref="oc-cc"/>
      </symbol>
      <symbol id="sm-9d">
         <name>Nokia5110_Init</name>
         <value>0x1fe1</value>
         <object_component_ref idref="oc-cc"/>
      </symbol>
      <symbol id="sm-9e">
         <name>Nokia5110_OutString</name>
         <value>0x2107</value>
         <object_component_ref idref="oc-cc"/>
      </symbol>
      <symbol id="sm-9f">
         <name>Nokia5110_OutUDec</name>
         <value>0x2125</value>
         <object_component_ref idref="oc-cc"/>
      </symbol>
      <symbol id="sm-a0">
         <name>Nokia5110_OutChar</name>
         <value>0x20c1</value>
         <object_component_ref idref="oc-cc"/>
      </symbol>
      <symbol id="sm-a1">
         <name>Nokia5110_Clear</name>
         <value>0x237d</value>
         <object_component_ref idref="oc-cc"/>
      </symbol>
      <symbol id="sm-bc">
         <name>delay</name>
         <value>0x4653</value>
         <object_component_ref idref="oc-2a"/>
      </symbol>
      <symbol id="sm-bd">
         <name>Timer0A_Hnadler</name>
         <value>0x4641</value>
         <object_component_ref idref="oc-2a"/>
      </symbol>
      <symbol id="sm-be">
         <name>Timer0A_init</name>
         <value>0x45f1</value>
         <object_component_ref idref="oc-2a"/>
      </symbol>
      <symbol id="sm-dd">
         <name>UART_Out_char</name>
         <value>0x43b3</value>
         <object_component_ref idref="oc-d8"/>
      </symbol>
      <symbol id="sm-de">
         <name>print_string</name>
         <value>0x43cf</value>
         <object_component_ref idref="oc-d8"/>
      </symbol>
      <symbol id="sm-df">
         <name>To_PC_init</name>
         <value>0x434d</value>
         <object_component_ref idref="oc-d8"/>
      </symbol>
      <symbol id="sm-101">
         <name>input_stream</name>
         <value>0x20002710</value>
      </symbol>
      <symbol id="sm-102">
         <name>i</name>
         <value>0x200029ac</value>
      </symbol>
      <symbol id="sm-103">
         <name>UART_init</name>
         <value>0x4439</value>
         <object_component_ref idref="oc-d2"/>
      </symbol>
      <symbol id="sm-104">
         <name>UART_In_char</name>
         <value>0x449f</value>
         <object_component_ref idref="oc-d2"/>
      </symbol>
      <symbol id="sm-105">
         <name>take_stream</name>
         <value>0x44b3</value>
         <object_component_ref idref="oc-d2"/>
      </symbol>
      <symbol id="sm-11e">
         <name>distance</name>
         <value>0x32e9</value>
         <object_component_ref idref="oc-ef"/>
      </symbol>
      <symbol id="sm-181">
         <name>decimalDegreeslat</name>
         <value>0x200029c0</value>
      </symbol>
      <symbol id="sm-182">
         <name>decimalDegreeslong</name>
         <value>0x200029cc</value>
      </symbol>
      <symbol id="sm-183">
         <name>lat_long</name>
         <value>0x200029b0</value>
      </symbol>
      <symbol id="sm-184">
         <name>to_be_sent</name>
         <value>0x20000000</value>
      </symbol>
      <symbol id="sm-185">
         <name>DMS_to_decimalDegrees</name>
         <value>0x2d0f</value>
         <object_component_ref idref="oc-e4"/>
      </symbol>
      <symbol id="sm-186">
         <name>GPGLL_to_decimalDegrees</name>
         <value>0x2b61</value>
         <object_component_ref idref="oc-e4"/>
      </symbol>
      <symbol id="sm-1bd">
         <name>FR</name>
         <value>0x2000299c</value>
      </symbol>
      <symbol id="sm-1be">
         <name>td</name>
         <value>0x200029d8</value>
      </symbol>
      <symbol id="sm-1bf">
         <name>semaphore</name>
         <value>0x2000359c</value>
         <object_component_ref idref="oc-71"/>
      </symbol>
      <symbol id="sm-1c0">
         <name>main</name>
         <value>0x30d9</value>
         <object_component_ref idref="oc-a2"/>
      </symbol>
      <symbol id="sm-1c1">
         <name>Total_distance</name>
         <value>0x20003598</value>
         <object_component_ref idref="oc-71"/>
      </symbol>
      <symbol id="sm-1dd">
         <name>ResetISR</name>
         <value>0x5017</value>
         <object_component_ref idref="oc-24"/>
      </symbol>
      <symbol id="sm-1de">
         <name>g_pfnVectors</name>
         <value>0x0</value>
         <object_component_ref idref="oc-f"/>
      </symbol>
      <symbol id="sm-205">
         <name>sprintf</name>
         <value>0x4e29</value>
         <object_component_ref idref="oc-fa"/>
      </symbol>
      <symbol id="sm-23e">
         <name>asinl</name>
         <value>0x23c5</value>
         <object_component_ref idref="oc-1a4"/>
      </symbol>
      <symbol id="sm-23f">
         <name>asin</name>
         <value>0x23c5</value>
         <object_component_ref idref="oc-1a4"/>
      </symbol>
      <symbol id="sm-261">
         <name>sqrtl</name>
         <value>0x3b59</value>
         <object_component_ref idref="oc-19e"/>
      </symbol>
      <symbol id="sm-262">
         <name>sqrt</name>
         <value>0x3b59</value>
         <object_component_ref idref="oc-19e"/>
      </symbol>
      <symbol id="sm-2b3">
         <name>cosl</name>
         <value>0x13f5</value>
         <object_component_ref idref="oc-193"/>
      </symbol>
      <symbol id="sm-2b4">
         <name>cos</name>
         <value>0x13f5</value>
         <object_component_ref idref="oc-193"/>
      </symbol>
      <symbol id="sm-300">
         <name>sin</name>
         <value>0x19d1</value>
         <object_component_ref idref="oc-188"/>
      </symbol>
      <symbol id="sm-301">
         <name>sinl</name>
         <value>0x19d1</value>
         <object_component_ref idref="oc-188"/>
      </symbol>
      <symbol id="sm-318">
         <name>__aeabi_dsub</name>
         <value>0x36c1</value>
         <object_component_ref idref="oc-199"/>
      </symbol>
      <symbol id="sm-319">
         <name>__aeabi_dadd</name>
         <value>0x36cb</value>
         <object_component_ref idref="oc-199"/>
      </symbol>
      <symbol id="sm-33b">
         <name>__aeabi_cdcmpeq</name>
         <value>0x4925</value>
         <object_component_ref idref="oc-226"/>
      </symbol>
      <symbol id="sm-33c">
         <name>__aeabi_cdcmple</name>
         <value>0x4925</value>
         <object_component_ref idref="oc-226"/>
      </symbol>
      <symbol id="sm-33d">
         <name>__aeabi_cdrcmple</name>
         <value>0x49ab</value>
         <object_component_ref idref="oc-244"/>
      </symbol>
      <symbol id="sm-351">
         <name>__aeabi_ddiv</name>
         <value>0x3ded</value>
         <object_component_ref idref="oc-183"/>
      </symbol>
      <symbol id="sm-35c">
         <name>__aeabi_dmul</name>
         <value>0x4159</value>
         <object_component_ref idref="oc-18e"/>
      </symbol>
      <symbol id="sm-366">
         <name>__aeabi_d2iz</name>
         <value>0x4d9d</value>
         <object_component_ref idref="oc-216"/>
      </symbol>
      <symbol id="sm-372">
         <name>__aeabi_d2f</name>
         <value>0x4b19</value>
         <object_component_ref idref="oc-ea"/>
      </symbol>
      <symbol id="sm-37d">
         <name>__aeabi_f2d</name>
         <value>0x4ea7</value>
         <object_component_ref idref="oc-f5"/>
      </symbol>
      <symbol id="sm-387">
         <name>__aeabi_i2d</name>
         <value>0x4f15</value>
         <object_component_ref idref="oc-221"/>
      </symbol>
      <symbol id="sm-3a2">
         <name>memcpy</name>
         <value>0x476b</value>
         <object_component_ref idref="oc-3e"/>
      </symbol>
      <symbol id="sm-3a3">
         <name>__aeabi_memcpy</name>
         <value>0x476b</value>
         <object_component_ref idref="oc-3e"/>
      </symbol>
      <symbol id="sm-3a4">
         <name>__aeabi_memcpy8</name>
         <value>0x476b</value>
         <object_component_ref idref="oc-3e"/>
      </symbol>
      <symbol id="sm-3a5">
         <name>__aeabi_memcpy4</name>
         <value>0x476b</value>
         <object_component_ref idref="oc-3e"/>
      </symbol>
      <symbol id="sm-3b7">
         <name>__TI_zero_init</name>
         <value>0x500b</value>
         <object_component_ref idref="oc-50"/>
      </symbol>
      <symbol id="sm-3ce">
         <name>__TI_decompress_none</name>
         <value>0x4ffd</value>
         <object_component_ref idref="oc-18"/>
      </symbol>
      <symbol id="sm-3f1">
         <name>__TI_decompress_lzss</name>
         <value>0x4b87</value>
         <object_component_ref idref="oc-12"/>
      </symbol>
      <symbol id="sm-400">
         <name>strcmp</name>
         <value>0x4fa9</value>
         <object_component_ref idref="oc-100"/>
      </symbol>
      <symbol id="sm-452">
         <name>strtof</name>
         <value>0x2799</value>
         <object_component_ref idref="oc-163"/>
      </symbol>
      <symbol id="sm-4c2">
         <name>__kernel_rem_pio2</name>
         <value>0xcbd</value>
         <object_component_ref idref="oc-22b"/>
      </symbol>
      <symbol id="sm-4d5">
         <name>__stack</name>
         <value>0x200029e0</value>
         <object_component_ref idref="oc-21"/>
      </symbol>
      <symbol id="sm-4d6">
         <name>_c_int00_noargs</name>
         <value>0x4ee1</value>
         <object_component_ref idref="oc-5c"/>
      </symbol>
      <symbol id="sm-4ec">
         <name>__aeabi_errno_addr</name>
         <value>0x502d</value>
         <object_component_ref idref="oc-1f4"/>
      </symbol>
      <symbol id="sm-4ed">
         <name>errno</name>
         <value>0x200035a4</value>
         <object_component_ref idref="oc-2b6"/>
      </symbol>
      <symbol id="sm-50a">
         <name>scalbnf</name>
         <value>0x4521</value>
         <object_component_ref idref="oc-1fa"/>
      </symbol>
      <symbol id="sm-50b">
         <name>ldexpf</name>
         <value>0x4521</value>
         <object_component_ref idref="oc-1fa"/>
      </symbol>
      <symbol id="sm-670">
         <name>__TI_printfi</name>
         <value>0x26d</value>
         <object_component_ref idref="oc-1ad"/>
      </symbol>
      <symbol id="sm-686">
         <name>__kernel_cos</name>
         <value>0x39ed</value>
         <object_component_ref idref="oc-231"/>
      </symbol>
      <symbol id="sm-69d">
         <name>__kernel_sin</name>
         <value>0x3879</value>
         <object_component_ref idref="oc-21b"/>
      </symbol>
      <symbol id="sm-6ba">
         <name>floorl</name>
         <value>0x4255</value>
         <object_component_ref idref="oc-2da"/>
      </symbol>
      <symbol id="sm-6bb">
         <name>floor</name>
         <value>0x4255</value>
         <object_component_ref idref="oc-2da"/>
      </symbol>
      <symbol id="sm-6d1">
         <name>frexpl</name>
         <value>0x4bf1</value>
         <object_component_ref idref="oc-321"/>
      </symbol>
      <symbol id="sm-6d2">
         <name>frexp</name>
         <value>0x4bf1</value>
         <object_component_ref idref="oc-321"/>
      </symbol>
      <symbol id="sm-6ef">
         <name>scalbn</name>
         <value>0x4049</value>
         <object_component_ref idref="oc-2d4"/>
      </symbol>
      <symbol id="sm-6f0">
         <name>scalbnl</name>
         <value>0x4049</value>
         <object_component_ref idref="oc-2d4"/>
      </symbol>
      <symbol id="sm-6f1">
         <name>ldexpl</name>
         <value>0x4049</value>
         <object_component_ref idref="oc-2d4"/>
      </symbol>
      <symbol id="sm-6f2">
         <name>ldexp</name>
         <value>0x4049</value>
         <object_component_ref idref="oc-2d4"/>
      </symbol>
      <symbol id="sm-6ff">
         <name>__aeabi_uldivmod</name>
         <value>0x4807</value>
         <object_component_ref idref="oc-2fa"/>
      </symbol>
      <symbol id="sm-70e">
         <name>__aeabi_memset</name>
         <value>0x4a33</value>
         <object_component_ref idref="oc-96"/>
      </symbol>
      <symbol id="sm-70f">
         <name>memset</name>
         <value>0x4a39</value>
         <object_component_ref idref="oc-96"/>
      </symbol>
      <symbol id="sm-710">
         <name>__aeabi_memset8</name>
         <value>0x4a33</value>
         <object_component_ref idref="oc-96"/>
      </symbol>
      <symbol id="sm-711">
         <name>__aeabi_memset4</name>
         <value>0x4a33</value>
         <object_component_ref idref="oc-96"/>
      </symbol>
      <symbol id="sm-712">
         <name>__aeabi_memclr8</name>
         <value>0x4a31</value>
         <object_component_ref idref="oc-96"/>
      </symbol>
      <symbol id="sm-713">
         <name>__aeabi_memclr4</name>
         <value>0x4a31</value>
         <object_component_ref idref="oc-96"/>
      </symbol>
      <symbol id="sm-714">
         <name>__aeabi_memclr</name>
         <value>0x4a31</value>
         <object_component_ref idref="oc-96"/>
      </symbol>
      <symbol id="sm-73c">
         <name>__TI_auto_init_nobinit_nopinit</name>
         <value>0x4de5</value>
         <object_component_ref idref="oc-120"/>
      </symbol>
      <symbol id="sm-746">
         <name>_system_pre_init</name>
         <value>0x5035</value>
         <object_component_ref idref="oc-9c"/>
      </symbol>
      <symbol id="sm-752">
         <name>C$$EXIT</name>
         <value>0x5039</value>
         <object_component_ref idref="oc-114"/>
      </symbol>
      <symbol id="sm-753">
         <name>abort</name>
         <value>0x5039</value>
         <object_component_ref idref="oc-114"/>
      </symbol>
      <symbol id="sm-76b">
         <name>atoi</name>
         <value>0x4d51</value>
         <object_component_ref idref="oc-253"/>
      </symbol>
      <symbol id="sm-776">
         <name>_ctypes_</name>
         <value>0x5378</value>
         <object_component_ref idref="oc-200"/>
      </symbol>
      <symbol id="sm-785">
         <name>ltoa</name>
         <value>0x4cab</value>
         <object_component_ref idref="oc-300"/>
      </symbol>
      <symbol id="sm-795">
         <name>memccpy</name>
         <value>0x4f43</value>
         <object_component_ref idref="oc-277"/>
      </symbol>
      <symbol id="sm-7a5">
         <name>strchr</name>
         <value>0x4fc1</value>
         <object_component_ref idref="oc-327"/>
      </symbol>
      <symbol id="sm-7b3">
         <name>strlen</name>
         <value>0x4fd7</value>
         <object_component_ref idref="oc-24d"/>
      </symbol>
      <symbol id="sm-7cc">
         <name>wcslen</name>
         <value>0x4feb</value>
         <object_component_ref idref="oc-27d"/>
      </symbol>
      <symbol id="sm-7d9">
         <name>copysignf</name>
         <value>0x4f91</value>
         <object_component_ref idref="oc-2bb"/>
      </symbol>
      <symbol id="sm-7e3">
         <name>copysign</name>
         <value>0x4f5f</value>
         <object_component_ref idref="oc-368"/>
      </symbol>
      <symbol id="sm-7e4">
         <name>copysignl</name>
         <value>0x4f5f</value>
         <object_component_ref idref="oc-368"/>
      </symbol>
      <symbol id="sm-7ee">
         <name>__aeabi_idiv0</name>
         <value>0xcbb</value>
         <object_component_ref idref="oc-37c"/>
      </symbol>
      <symbol id="sm-7ef">
         <name>__aeabi_ldiv0</name>
         <value>0xcbb</value>
         <object_component_ref idref="oc-37c"/>
      </symbol>
      <symbol id="sm-7f0">
         <name>__TI_static_base__</name>
         <value>0x0</value>
      </symbol>
      <symbol id="sm-7f3">
         <name>__mpu_init</name>
         <value>0x0</value>
      </symbol>
      <symbol id="sm-7f4">
         <name>_system_post_cinit</name>
         <value>0x0</value>
      </symbol>
   </symbol_table>
   <title>Link successful</title>
</link_info>
